// Jest Snapshot v1, https://goo.gl/fbAQLP

exports[`Files Component should match snapshot 1`] = `
<DocumentFragment>
  <div
    class="sc-eqUAAy itNODb"
  >
    <div
      class="sc-aXZVg fxkAHn"
    >
      <span
        class="octicon octicon-file"
      />
      <a
        class="sc-gEvEer dAbXZQ"
        href="https://google.com"
        target="_blank"
      >
        name
      </a>
    </div>
  </div>
</DocumentFragment>
`;
