// Jest Snapshot v1, https://goo.gl/fbAQLP

exports[`UserTitle should match snapshot 1`] = `
<DocumentFragment>
  <div
    class="sc-aXZVg cWrJRO"
  >
    <img
      class="sc-gEvEer cjclob"
      src="https://avatars.githubusercontent.com/u/8363252?v=4"
    />
    <p>
      User Name
    </p>
  </div>
</DocumentFragment>
`;
